2019-09-23 15:40:06,197:DEBUG:Add: 20 + 10 = 30
2019-09-23 15:40:06,197:DEBUG:Sub: 20 - 10 = 10
2019-09-23 15:40:06,197:DEBUG:Mul: 20 * 10 = 200
2019-09-23 15:40:06,197:DEBUG:Div: 20 / 10 = 2.0
